#-----------------------------------------------------------
# Vivado v2018.3 (64-bit)
# SW Build 2405991 on Thu Dec  6 23:38:27 MST 2018
# IP Build 2404404 on Fri Dec  7 01:43:56 MST 2018
# Start of session at: Mon Nov  4 21:30:36 2024
# Process ID: 17252
# Current directory: D:/cours/vivado doc/party 4
# Command line: vivado.exe -gui_launcher_event rodinguilauncherevent15912 D:\cours\vivado doc\party 4\party 4.xpr
# Log file: D:/cours/vivado doc/party 4/vivado.log
# Journal file: D:/cours/vivado doc/party 4\vivado.jou
#-----------------------------------------------------------
start_gui
open_project {D:/cours/vivado doc/party 4/party 4.xpr}
update_compile_order -fileset sources_1
add_files -norecurse {E:/Parity_Even/Parity_Even.srcs/sources_1/new/Parity_Even.vhd E:/Parity_odd/Parity_odd.srcs/sources_1/new/Parity_odd.vhd E:/project_1/project_1.srcs/sources_1/new/Parity_Combiner.vhd}
update_compile_order -fileset sources_1
add_files -norecurse E:/project_1/project_1.srcs/sources_1/new/Parity_Combine.vhd
update_compile_order -fileset sources_1
launch_simulation
source Parity_Output.tcl
synth_design -rtl -name rtl_1
launch_runs synth_1 -jobs 10
wait_on_run synth_1
launch_runs impl_1 -jobs 10
wait_on_run impl_1
close_design
open_run impl_1
synth_design -rtl -name rtl_1
reset_run impl_1
launch_runs impl_1 -jobs 10
wait_on_run impl_1
current_design impl_1
refresh_design
current_design rtl_1
reset_run impl_1
launch_runs impl_1 -jobs 10
wait_on_run impl_1
current_design impl_1
refresh_design
close_sim
